step 1 loss 2.5191 acc 0.125
step 2 loss 2.3578 acc 0.125
step 3 loss 2.3986 acc 0.156
step 4 loss 2.7128 acc 0.062
step 5 loss 2.5676 acc 0.156
step 6 loss 2.4864 acc 0.141
step 7 loss 2.3564 acc 0.094
step 8 loss 2.3339 acc 0.188
step 9 loss 2.4120 acc 0.141
step 10 loss 2.4741 acc 0.203
step 11 loss 2.3240 acc 0.234
step 12 loss 2.4824 acc 0.219
step 13 loss 2.3442 acc 0.125
step 14 loss 2.2074 acc 0.234
step 15 loss 2.4375 acc 0.172
step 16 loss 2.3622 acc 0.172
step 17 loss 2.3402 acc 0.266
step 18 loss 2.1700 acc 0.141
step 19 loss 2.3909 acc 0.172
step 20 loss 2.1459 acc 0.297
step 21 loss 2.2762 acc 0.156
step 22 loss 1.9908 acc 0.297
step 23 loss 1.9111 acc 0.328
step 24 loss 2.0954 acc 0.203
step 25 loss 1.8736 acc 0.344
step 26 loss 2.0279 acc 0.328
step 27 loss 2.1364 acc 0.266
step 28 loss 2.3214 acc 0.266
step 29 loss 2.1329 acc 0.312
step 30 loss 1.9856 acc 0.375
step 31 loss 1.9685 acc 0.375
step 32 loss 1.7888 acc 0.484
step 33 loss 1.9338 acc 0.438
step 34 loss 1.9285 acc 0.391
step 35 loss 1.6397 acc 0.438
step 36 loss 1.8438 acc 0.359
step 37 loss 1.6816 acc 0.422
step 38 loss 1.7486 acc 0.359
step 39 loss 1.9855 acc 0.312
step 40 loss 1.6616 acc 0.422
step 41 loss 1.8591 acc 0.406
step 42 loss 1.6626 acc 0.406
step 43 loss 1.7002 acc 0.531
step 44 loss 1.6590 acc 0.500
step 45 loss 1.6955 acc 0.391
step 46 loss 1.5853 acc 0.531
step 47 loss 1.5160 acc 0.562
step 48 loss 1.4566 acc 0.500
step 49 loss 1.3671 acc 0.500
step 50 loss 1.8651 acc 0.531
step 51 loss 1.4092 acc 0.578
step 52 loss 1.5195 acc 0.484
step 53 loss 1.7190 acc 0.547
step 54 loss 1.4391 acc 0.594
