step 1 loss 2.6227 acc 0.125
step 2 loss 2.3053 acc 0.125
step 3 loss 2.4242 acc 0.156
step 4 loss 2.6975 acc 0.078
step 5 loss 2.5500 acc 0.125
step 6 loss 2.5084 acc 0.094
step 7 loss 2.3767 acc 0.094
step 8 loss 2.4159 acc 0.156
step 9 loss 2.4692 acc 0.094
step 10 loss 2.4820 acc 0.219
step 11 loss 2.2903 acc 0.297
step 12 loss 2.5074 acc 0.203
step 13 loss 2.3004 acc 0.172
step 14 loss 2.1780 acc 0.141
step 15 loss 2.3991 acc 0.125
step 16 loss 2.4806 acc 0.172
step 17 loss 2.4019 acc 0.250
step 18 loss 2.2658 acc 0.141
step 19 loss 2.3642 acc 0.219
step 20 loss 2.1513 acc 0.281
step 21 loss 2.2684 acc 0.172
step 22 loss 2.0548 acc 0.234
step 23 loss 1.8959 acc 0.281
step 24 loss 2.2127 acc 0.172
step 25 loss 1.8835 acc 0.406
step 26 loss 2.0564 acc 0.266
step 27 loss 2.1530 acc 0.328
step 28 loss 2.3046 acc 0.250
step 29 loss 2.1368 acc 0.328
step 30 loss 1.9142 acc 0.391
step 31 loss 1.8946 acc 0.328
step 32 loss 1.7754 acc 0.406
step 33 loss 1.9684 acc 0.438
step 34 loss 1.9804 acc 0.375
step 35 loss 1.6479 acc 0.453
step 36 loss 1.7738 acc 0.375
step 37 loss 1.7467 acc 0.391
step 38 loss 1.8392 acc 0.406
step 39 loss 1.9377 acc 0.406
step 40 loss 1.5914 acc 0.406
step 41 loss 1.7307 acc 0.438
step 42 loss 1.5405 acc 0.422
step 43 loss 1.7640 acc 0.531
step 44 loss 1.7771 acc 0.438
step 45 loss 1.6609 acc 0.375
step 46 loss 1.5997 acc 0.578
step 47 loss 1.4159 acc 0.547
step 48 loss 1.4865 acc 0.547
step 49 loss 1.3602 acc 0.516
step 50 loss 1.9348 acc 0.469
step 51 loss 1.3729 acc 0.609
step 52 loss 1.5090 acc 0.562
step 53 loss 1.7651 acc 0.453
step 54 loss 1.3361 acc 0.594
step 55 loss 1.3923 acc 0.578
step 56 loss 1.2617 acc 0.531
step 57 loss 1.8116 acc 0.500
step 58 loss 1.0822 acc 0.688
step 59 loss 1.4834 acc 0.516
step 60 loss 1.9174 acc 0.609
step 61 loss 1.3271 acc 0.547
step 62 loss 1.3930 acc 0.562
step 63 loss 1.3003 acc 0.641
step 64 loss 1.3255 acc 0.641
step 65 loss 1.1469 acc 0.656
step 66 loss 1.2125 acc 0.609
step 67 loss 1.8237 acc 0.547
step 68 loss 1.4027 acc 0.547
step 69 loss 0.9491 acc 0.703
step 70 loss 1.0977 acc 0.562
step 71 loss 1.2022 acc 0.641
step 72 loss 1.6887 acc 0.656
step 73 loss 1.2755 acc 0.672
step 74 loss 1.0746 acc 0.641
step 75 loss 1.3461 acc 0.547
step 76 loss 1.3767 acc 0.547
step 77 loss 1.1314 acc 0.719
step 78 loss 1.4310 acc 0.609
step 79 loss 1.8119 acc 0.531
step 80 loss 1.0921 acc 0.703
step 81 loss 1.2767 acc 0.625
step 82 loss 1.2182 acc 0.656
step 83 loss 1.1825 acc 0.562
step 84 loss 1.1105 acc 0.609
step 85 loss 1.3757 acc 0.672
step 86 loss 0.9439 acc 0.656
step 87 loss 1.1658 acc 0.609
step 88 loss 1.3759 acc 0.594
step 89 loss 1.3228 acc 0.609
step 90 loss 1.1845 acc 0.625
step 91 loss 1.0364 acc 0.656
step 92 loss 1.3593 acc 0.656
step 93 loss 0.9632 acc 0.750
step 94 loss 1.0885 acc 0.688
step 95 loss 1.3207 acc 0.594
step 96 loss 0.9840 acc 0.656
step 97 loss 1.2265 acc 0.672
step 98 loss 1.3679 acc 0.672
step 99 loss 0.9619 acc 0.688
step 100 loss 0.8112 acc 0.703
step 101 loss 1.2847 acc 0.625
step 102 loss 1.2949 acc 0.609
step 103 loss 1.1843 acc 0.703
step 104 loss 0.9976 acc 0.656
step 105 loss 1.0469 acc 0.656
step 106 loss 1.2238 acc 0.625
step 107 loss 1.6668 acc 0.719
step 108 loss 0.8610 acc 0.828
step 109 loss 1.1913 acc 0.625
step 110 loss 1.0372 acc 0.734
step 111 loss 1.2700 acc 0.562
step 112 loss 1.2382 acc 0.578
step 113 loss 1.2403 acc 0.625
step 114 loss 0.9948 acc 0.562
step 115 loss 1.1657 acc 0.625
step 116 loss 1.0121 acc 0.719
step 117 loss 1.2944 acc 0.594
step 118 loss 1.4821 acc 0.625
step 119 loss 1.5256 acc 0.594
step 120 loss 1.3810 acc 0.625
step 121 loss 1.4951 acc 0.578
step 122 loss 0.8035 acc 0.719
