step 1 loss 2.5092 acc 0.156
step 2 loss 2.3068 acc 0.109
step 3 loss 2.4205 acc 0.109
step 4 loss 2.6138 acc 0.062
step 5 loss 2.5981 acc 0.109
step 6 loss 2.5056 acc 0.109
step 7 loss 2.3644 acc 0.109
step 8 loss 2.3945 acc 0.125
step 9 loss 2.5116 acc 0.109
step 10 loss 2.5844 acc 0.141
step 11 loss 2.4259 acc 0.250
step 12 loss 2.5862 acc 0.172
step 13 loss 2.3495 acc 0.141
step 14 loss 2.1934 acc 0.172
step 15 loss 2.4261 acc 0.141
step 16 loss 2.3322 acc 0.219
step 17 loss 2.4336 acc 0.219
step 18 loss 2.2565 acc 0.188
step 19 loss 2.3498 acc 0.188
step 20 loss 2.1332 acc 0.281
step 21 loss 2.2068 acc 0.141
step 22 loss 2.1582 acc 0.219
step 23 loss 1.9290 acc 0.312
step 24 loss 1.9927 acc 0.359
step 25 loss 1.9094 acc 0.344
step 26 loss 2.0760 acc 0.219
step 27 loss 2.1898 acc 0.281
step 28 loss 2.3427 acc 0.266
step 29 loss 2.2911 acc 0.281
step 30 loss 2.0097 acc 0.359
step 31 loss 1.8974 acc 0.344
step 32 loss 1.8024 acc 0.391
step 33 loss 1.9629 acc 0.438
step 34 loss 1.9699 acc 0.359
step 35 loss 1.5667 acc 0.453
step 36 loss 1.8031 acc 0.406
step 37 loss 1.7390 acc 0.359
step 38 loss 1.8700 acc 0.375
step 39 loss 1.8938 acc 0.391
step 40 loss 1.6940 acc 0.422
step 41 loss 1.8842 acc 0.344
step 42 loss 1.4937 acc 0.500
step 43 loss 1.7410 acc 0.453
step 44 loss 1.7150 acc 0.453
step 45 loss 1.8138 acc 0.344
step 46 loss 1.4855 acc 0.516
step 47 loss 1.4243 acc 0.547
step 48 loss 1.5082 acc 0.484
step 49 loss 1.4242 acc 0.484
step 50 loss 1.9256 acc 0.422
step 51 loss 1.4322 acc 0.562
step 52 loss 1.5580 acc 0.500
step 53 loss 1.6672 acc 0.562
step 54 loss 1.4077 acc 0.641
step 55 loss 1.3646 acc 0.578
step 56 loss 1.3215 acc 0.500
step 57 loss 1.8754 acc 0.438
step 58 loss 1.1083 acc 0.672
step 59 loss 1.5784 acc 0.469
step 60 loss 1.9626 acc 0.562
step 61 loss 1.2115 acc 0.562
step 62 loss 1.5023 acc 0.453
step 63 loss 1.3396 acc 0.609
step 64 loss 1.4146 acc 0.609
step 65 loss 1.2382 acc 0.656
step 66 loss 1.2189 acc 0.594
step 67 loss 1.9687 acc 0.469
step 68 loss 1.4944 acc 0.562
step 69 loss 1.0516 acc 0.594
step 70 loss 1.0827 acc 0.609
step 71 loss 1.1660 acc 0.719
step 72 loss 1.6011 acc 0.656
step 73 loss 1.2452 acc 0.656
step 74 loss 1.0970 acc 0.641
step 75 loss 1.3571 acc 0.562
step 76 loss 1.4253 acc 0.594
step 77 loss 1.1914 acc 0.625
step 78 loss 1.5284 acc 0.625
step 79 loss 1.6444 acc 0.562
step 80 loss 1.0540 acc 0.656
step 81 loss 1.2493 acc 0.594
step 82 loss 1.2197 acc 0.656
step 83 loss 1.1123 acc 0.625
step 84 loss 1.1685 acc 0.609
step 85 loss 1.3614 acc 0.594
step 86 loss 1.0225 acc 0.719
step 87 loss 1.1908 acc 0.625
step 88 loss 1.2527 acc 0.594
step 89 loss 1.2485 acc 0.625
step 90 loss 1.1843 acc 0.656
step 91 loss 1.0721 acc 0.625
step 92 loss 1.3965 acc 0.609
step 93 loss 0.9142 acc 0.781
step 94 loss 1.0130 acc 0.703
step 95 loss 1.3975 acc 0.609
step 96 loss 0.9602 acc 0.688
step 97 loss 1.1540 acc 0.609
step 98 loss 1.3788 acc 0.641
step 99 loss 0.9961 acc 0.625
step 100 loss 0.9283 acc 0.703
step 101 loss 1.1753 acc 0.656
step 102 loss 1.3374 acc 0.594
step 103 loss 1.1133 acc 0.734
step 104 loss 1.0844 acc 0.656
step 105 loss 1.0280 acc 0.672
step 106 loss 1.1645 acc 0.641
step 107 loss 1.6936 acc 0.656
step 108 loss 0.8948 acc 0.844
step 109 loss 1.1674 acc 0.594
step 110 loss 1.1039 acc 0.672
step 111 loss 1.1313 acc 0.688
step 112 loss 1.2287 acc 0.547
step 113 loss 1.2494 acc 0.641
step 114 loss 1.0493 acc 0.609
step 115 loss 1.1428 acc 0.641
step 116 loss 1.1220 acc 0.641
step 117 loss 1.3110 acc 0.672
step 118 loss 1.5623 acc 0.594
step 119 loss 1.4808 acc 0.609
step 120 loss 1.3563 acc 0.578
step 121 loss 1.3914 acc 0.609
step 122 loss 0.8157 acc 0.734
step 123 loss 0.8285 acc 0.719
step 124 loss 1.4401 acc 0.625
step 125 loss 1.2790 acc 0.719
step 126 loss 1.0326 acc 0.781
step 127 loss 0.8737 acc 0.703
step 128 loss 0.9748 acc 0.734
step 129 loss 1.4376 acc 0.672
step 130 loss 1.1287 acc 0.672
step 131 loss 1.6025 acc 0.531
step 132 loss 1.2706 acc 0.641
step 133 loss 1.6333 acc 0.578
step 134 loss 1.0697 acc 0.766
step 135 loss 1.2834 acc 0.750
step 136 loss 1.5664 acc 0.625
step 137 loss 1.2729 acc 0.656
step 138 loss 0.9104 acc 0.797
step 139 loss 1.3589 acc 0.578
step 140 loss 0.7337 acc 0.750
step 141 loss 0.8918 acc 0.781
step 142 loss 1.1420 acc 0.688
step 143 loss 1.0963 acc 0.672
step 144 loss 1.2261 acc 0.688
step 145 loss 0.9729 acc 0.703
step 146 loss 0.9111 acc 0.797
step 147 loss 1.0678 acc 0.688
